<?xml version="1.0" encoding="UTF-8"?>
<testsuites name="jest tests" tests="3" failures="0" errors="0" time="2.884">
  <testsuite name="fetch api" errors="0" failures="0" skipped="0" timestamp="2022-08-30T08:35:34" time="1.381" tests="1">
    <testcase classname="fetch api starts quiz" name="fetch api starts quiz" time="0.093">
    </testcase>
  </testsuite>
  <testsuite name="question component" errors="0" failures="0" skipped="0" timestamp="2022-08-30T08:35:36" time="0.654" tests="2">
    <testcase classname="question component renders question fetched from backend" name="question component renders question fetched from backend" time="0.094">
    </testcase>
    <testcase classname="question component does not render if fetching fails" name="question component does not render if fetching fails" time="0.019">
    </testcase>
  </testsuite>
</testsuites>